The ``7-BaseGeometry`` module
============================

Using ``BaseGeometry``
-------------------

>>> BaseGeometry = __import__('7-base_geometry').BaseGeometry

>>> BaseGeometry = BaseGeometry()
>>> BaseGeometry.integer_validator("int", 1)

>>> BaseGeometry = BaseGeometry()
>>> BaseGeometry.integer_validator("int", -1)
Traceback (most recent call last):
...
ValueError: int must be greater than 0

>>> BaseGeometry = BaseGeometry()
>>> BaseGeometry.integer_validator("Hello", -1)
Traceback (most recent call last):
...
TypeError: string must be an integer

>>> BaseGeometry = BaseGeometry()
>>> BaseGeometry.integer_validator("None", None)
Traceback (most recent call last):
...
TypeError: None must be an integer

>>> BaseGeometry = BaseGeometry()
>>> BaseGeometry.integer_validator("1")
Traceback (most recent call last):
...
TypeError: integer_validator() missing 1 required positional argument: 'value'

>>> BaseGeometry = BaseGeometry()
>>> BaseGeometry.integer_validator("1")
Traceback (most recent call last):
...
TypeError: integer_validator() missing 2 required positional argument: 'name' and 'value'
