The ``0-add_integer`` module
============================

Using ``add_integer``
-------------------

>>> add_integer = __import__('0-add_integer').add_integer

>> add_integer(0, 0)
0

>>> add_integer(1, 2)
3

>>> add_integer(1, -2)
-1

>>> add_integer(-1, 2)
1

>>> add_integer(-1, -2)
-3

>>> add_integer(1, 2.4)
3

>>> add_integer(1.4, 2)
3

>>> add_integer(50.2, 50.2)
100

>>> add_integer("Björk", 2)
Traceback (most recent call last):
...
TypeError: a must be an integer

>>> add_integer("Björk", 2)
Traceback (most recent call last):
...
TypeError: a must be an integer

>>> add_integer(1, "Bowie")
Traceback (most recent call last):
...
TypeError: b must be an integer

>>> add_integer(2, None)
Traceback (most recent call last):
...
TypeError: b must be an integer

>>> add_integer(None)
Traceback (most recent call last):
... 
TypeError: a must be an integer
