The ``5-text_indentation`` module
============================

Using ``text_indentation``
--------------------------

>>> text_indentation = __import__('5-text_indentation').text_indentation

>>> text_indentation("Quonam modo? Non autem hoc: igitur ne illud quidem.")
Quonam modo?
<BLANKLINE>
Non autem hoc:
<BLANKLINE>
igitur ne illud quidem.
<BLANKLINE>

>>>text_indentation("?:.")
?
<BLANKLINE>
:
<BLANKLINE>
.
<BLANKLINE>

>>>text_indentation("?")
?
<BLANKLINE>

>>>text_indentation(":")
:
<BLANKLINE>

>>>text_indentation(".")
.
<BLANKLINE>

>>> text_indentation("1")
Traceback (most recent call last):
...
TypeError: text must be a string

>>> text_indentation(None)
Traceback (most recent call last):
...
TypeError: text must be a string

>>> text_indentation(" ")
Traceback (most recent call last):
...
TypeError: text must be a string